// Jest Snapshot v1, https://goo.gl/fbAQLP

exports[`Container should render correctly 1`] = `
<DocumentFragment>
  <div
    class="sc-bdvvtL cFvMCp"
  />
</DocumentFragment>
`;
