// Jest Snapshot v1, https://goo.gl/fbAQLP

exports[`Float should render correctly 1`] = `
<DocumentFragment>
  <div
    class="sc-bdvvtL gnKGyL"
  />
</DocumentFragment>
`;
