// Jest Snapshot v1, https://goo.gl/fbAQLP

exports[`InputText should render correctly 1`] = `
<DocumentFragment>
  <input
    class="sc-bdvvtL grFbFg"
  />
</DocumentFragment>
`;
