// Jest Snapshot v1, https://goo.gl/fbAQLP

exports[`ListItem should render correctly 1`] = `
<DocumentFragment>
  <li
    class="sc-bdvvtL dsIxHo"
  />
</DocumentFragment>
`;
