// Jest Snapshot v1, https://goo.gl/fbAQLP

exports[`ListTitle should render correctly 1`] = `
<DocumentFragment>
  <h2
    class="sc-bdvvtL dLgsaP"
  />
</DocumentFragment>
`;
