// Jest Snapshot v1, https://goo.gl/fbAQLP

exports[`Logo should render correctly 1`] = `
<DocumentFragment>
  <div
    class="sc-bdvvtL fgRsHJ"
  />
</DocumentFragment>
`;
