// Jest Snapshot v1, https://goo.gl/fbAQLP

exports[`Toaster should not render anything if show is false 1`] = `<DocumentFragment />`;

exports[`Toaster should render correctly if show is false 1`] = `
<DocumentFragment>
  <div
    class="sc-bdvvtL ddBRey"
  >
    <p
      class="sc-gsDKAQ gcDiLF"
    >
      test toaster
    </p>
  </div>
</DocumentFragment>
`;
